../Core/Src/main.c:76:6:ADC1_IRQHandler	4	static
../Core/Src/main.c:84:6:ajustarVelocidad	24	static
../Core/Src/main.c:114:5:main	8	static
../Core/Src/main.c:231:6:SystemClock_Config	96	static
../Core/Src/main.c:285:13:MX_ADC_Init	24	static
../Core/Src/main.c:340:13:MX_LCD_Init	8	static
../Core/Src/main.c:377:13:MX_TIM2_Init	32	static
../Core/Src/main.c:422:13:MX_TIM3_Init	32	static
../Core/Src/main.c:467:13:MX_TIM4_Init	32	static
../Core/Src/main.c:512:13:MX_TS_Init	4	static
../Core/Src/main.c:533:13:MX_GPIO_Init	40	static
../Core/Src/main.c:572:6:Error_Handler	4	static,ignoring_inline_asm
