../Core/Src/main.c:78:6:Start_TIM2	4	static
../Core/Src/main.c:83:6:Start_TIM3	4	static
../Core/Src/main.c:88:6:Stop_TIM3	4	static
../Core/Src/main.c:94:6:Velocity_Selector	4	static
../Core/Src/main.c:117:6:moveForward	4	static
../Core/Src/main.c:122:6:TIM3_IRQHandler	8	static
../Core/Src/main.c:142:5:main	8	static
../Core/Src/main.c:233:6:SystemClock_Config	96	static
../Core/Src/main.c:287:13:MX_ADC_Init	24	static
../Core/Src/main.c:342:13:MX_LCD_Init	8	static
../Core/Src/main.c:379:13:MX_TIM2_Init	32	static
../Core/Src/main.c:424:13:MX_TIM3_Init	32	static
../Core/Src/main.c:469:13:MX_TIM4_Init	32	static
../Core/Src/main.c:514:13:MX_TS_Init	4	static
../Core/Src/main.c:535:13:MX_GPIO_Init	40	static
../Core/Src/main.c:574:6:Error_Handler	4	static,ignoring_inline_asm
