../Core/Src/main.c:75:6:ADC1_IRQHandler	16	static
../Core/Src/main.c:88:14:get_posicion	24	static
../Core/Src/main.c:107:5:main	40	static
../Core/Src/main.c:267:6:SystemClock_Config	96	static
../Core/Src/main.c:321:13:MX_ADC_Init	24	static
../Core/Src/main.c:376:13:MX_LCD_Init	8	static
../Core/Src/main.c:413:13:MX_TIM3_Init	32	static
../Core/Src/main.c:458:13:MX_TIM4_Init	32	static
../Core/Src/main.c:503:13:MX_TS_Init	4	static
../Core/Src/main.c:524:13:MX_GPIO_Init	40	static
../Core/Src/main.c:563:6:Error_Handler	4	static,ignoring_inline_asm
