../Core/Src/main.c:69:6:stopWheels	8	static
../Core/Src/main.c:74:6:moveForward	8	static
../Core/Src/main.c:82:6:turnRight	8	static
../Core/Src/main.c:90:6:turnLeft	8	static
../Core/Src/main.c:98:6:moveBackward	8	static
../Core/Src/main.c:106:6:espera	16	static
../Core/Src/main.c:115:5:main	32	static
../Core/Src/main.c:198:6:SystemClock_Config	96	static
../Core/Src/main.c:252:13:MX_LCD_Init	8	static
../Core/Src/main.c:289:13:MX_TS_Init	4	static
../Core/Src/main.c:310:13:MX_GPIO_Init	40	static
../Core/Src/main.c:359:6:Error_Handler	4	static,ignoring_inline_asm
