../Core/Src/main.c:83:6:stopWheels	4	static
../Core/Src/main.c:88:6:moveForward	4	static
../Core/Src/main.c:95:6:rightWheel	4	static
../Core/Src/main.c:102:6:leftWheel	4	static
../Core/Src/main.c:109:6:moveBackward	4	static
../Core/Src/main.c:116:6:autonomousMode	8	static
../Core/Src/main.c:149:6:EXTI1_IRQHandler	4	static
../Core/Src/main.c:157:6:EXTI2_IRQHandler	4	static
../Core/Src/main.c:165:6:TIM4_IRQHandler	4	static
../Core/Src/main.c:179:6:ADC1_IRQHandler	4	static
../Core/Src/main.c:187:6:ajustarVelocidad	24	static
../Core/Src/main.c:216:5:main	8	static
../Core/Src/main.c:407:6:SystemClock_Config	96	static
../Core/Src/main.c:461:13:MX_ADC_Init	24	static
../Core/Src/main.c:516:13:MX_LCD_Init	8	static
../Core/Src/main.c:553:13:MX_TIM3_Init	32	static
../Core/Src/main.c:598:13:MX_TIM4_Init	32	static
../Core/Src/main.c:643:13:MX_TS_Init	4	static
../Core/Src/main.c:664:13:MX_USART1_UART_Init	8	static
../Core/Src/main.c:697:13:MX_GPIO_Init	40	static
../Core/Src/main.c:725:6:Error_Handler	4	static,ignoring_inline_asm
