../Core/Src/main.c:87:6:stopWheels	4	static
../Core/Src/main.c:91:6:moveForward	4	static
../Core/Src/main.c:96:6:rightWheel	4	static
../Core/Src/main.c:103:6:leftWheel	4	static
../Core/Src/main.c:110:6:moveBackward	4	static
../Core/Src/main.c:115:6:autonomousMode	8	static
../Core/Src/main.c:129:6:EXTI1_IRQHandler	4	static
../Core/Src/main.c:137:6:EXTI2_IRQHandler	4	static
../Core/Src/main.c:144:6:TIM4_IRQHandler	4	static
../Core/Src/main.c:158:6:ADC1_IRQHandler	4	static
../Core/Src/main.c:166:6:adjustSpeed	24	static
../Core/Src/main.c:195:5:main	8	static
../Core/Src/main.c:387:6:SystemClock_Config	96	static
../Core/Src/main.c:441:13:MX_ADC_Init	24	static
../Core/Src/main.c:496:13:MX_LCD_Init	8	static
../Core/Src/main.c:533:13:MX_TIM2_Init	32	static
../Core/Src/main.c:578:13:MX_TIM3_Init	32	static
../Core/Src/main.c:623:13:MX_TIM4_Init	32	static
../Core/Src/main.c:668:13:MX_TS_Init	4	static
../Core/Src/main.c:689:13:MX_USART1_UART_Init	8	static
../Core/Src/main.c:722:13:MX_GPIO_Init	40	static
../Core/Src/main.c:751:6:Error_Handler	4	static,ignoring_inline_asm
