../Core/Src/main.c:72:6:stopWheels	4	static
../Core/Src/main.c:78:6:moveForward	4	static
../Core/Src/main.c:84:6:turnRight	4	static
../Core/Src/main.c:90:6:turnLeft	4	static
../Core/Src/main.c:96:6:moveBackward	4	static
../Core/Src/main.c:102:6:espera	16	static
../Core/Src/main.c:111:5:main	32	static
../Core/Src/main.c:206:6:SystemClock_Config	96	static
../Core/Src/main.c:260:13:MX_ADC_Init	24	static
../Core/Src/main.c:315:13:MX_LCD_Init	8	static
../Core/Src/main.c:352:13:MX_TS_Init	4	static
../Core/Src/main.c:373:13:MX_GPIO_Init	40	static
../Core/Src/main.c:412:6:Error_Handler	4	static,ignoring_inline_asm
