../Core/Src/main.c:74:6:stopWheels	4	static
../Core/Src/main.c:78:6:moveForward	4	static
../Core/Src/main.c:84:6:turnRight	4	static
../Core/Src/main.c:91:6:turnLeft	4	static
../Core/Src/main.c:97:6:moveBackward	4	static
../Core/Src/main.c:102:6:TIM4_Init	4	static
../Core/Src/main.c:114:6:TIM4_IRQHandler	8	static
../Core/Src/main.c:124:6:EXTI1_IRQHandler	4	static
../Core/Src/main.c:134:6:EXTI2_IRQHandler	4	static
../Core/Src/main.c:144:6:activateBuzzer	4	static
../Core/Src/main.c:148:6:deactivateBuzzer	4	static
../Core/Src/main.c:161:5:main	8	static
../Core/Src/main.c:282:6:SystemClock_Config	96	static
../Core/Src/main.c:336:13:MX_ADC_Init	24	static
../Core/Src/main.c:391:13:MX_LCD_Init	8	static
../Core/Src/main.c:428:13:MX_TS_Init	4	static
../Core/Src/main.c:449:13:MX_GPIO_Init	40	static
../Core/Src/main.c:488:6:Error_Handler	4	static,ignoring_inline_asm
