../Core/Src/main.c:73:6:stopWheels	4	static
../Core/Src/main.c:79:6:moveForward	4	static
../Core/Src/main.c:85:6:turnRight	4	static
../Core/Src/main.c:91:6:turnLeft	4	static
../Core/Src/main.c:97:6:moveBackward	4	static
../Core/Src/main.c:103:6:espera	24	static
../Core/Src/main.c:113:5:main	8	static
../Core/Src/main.c:199:6:SystemClock_Config	96	static
../Core/Src/main.c:253:13:MX_ADC_Init	24	static
../Core/Src/main.c:308:13:MX_LCD_Init	8	static
../Core/Src/main.c:345:13:MX_TS_Init	4	static
../Core/Src/main.c:366:13:MX_GPIO_Init	40	static
../Core/Src/main.c:405:6:Error_Handler	4	static,ignoring_inline_asm
