../Core/Src/main.c:78:6:stopWheels	4	static
../Core/Src/main.c:84:6:moveForward	4	static
../Core/Src/main.c:90:6:rightWheel	4	static
../Core/Src/main.c:97:6:leftWheel	4	static
../Core/Src/main.c:104:6:moveBackward	4	static
../Core/Src/main.c:109:6:EXTI1_IRQHandler	4	static
../Core/Src/main.c:117:6:EXTI2_IRQHandler	4	static
../Core/Src/main.c:125:6:TIM4_IRQHandler	4	static
../Core/Src/main.c:139:6:ADC1_IRQHandler	4	static
../Core/Src/main.c:147:6:ajustarVelocidad	24	static
../Core/Src/main.c:176:5:main	8	static
../Core/Src/main.c:377:6:SystemClock_Config	96	static
../Core/Src/main.c:431:13:MX_ADC_Init	24	static
../Core/Src/main.c:486:13:MX_LCD_Init	8	static
../Core/Src/main.c:523:13:MX_TIM2_Init	32	static
../Core/Src/main.c:568:13:MX_TIM3_Init	32	static
../Core/Src/main.c:613:13:MX_TIM4_Init	32	static
../Core/Src/main.c:658:13:MX_TS_Init	4	static
../Core/Src/main.c:679:13:MX_GPIO_Init	40	static
../Core/Src/main.c:718:6:Error_Handler	4	static,ignoring_inline_asm
