../Core/Src/main.c:78:6:stopWheels	4	static
../Core/Src/main.c:82:6:moveForward	4	static
../Core/Src/main.c:88:6:rightWheel	4	static
../Core/Src/main.c:95:6:leftWheel	4	static
../Core/Src/main.c:102:6:moveBackward	4	static
../Core/Src/main.c:107:6:EXTI1_IRQHandler	4	static
../Core/Src/main.c:115:6:EXTI2_IRQHandler	4	static
../Core/Src/main.c:123:6:TIM4_IRQHandler	4	static
../Core/Src/main.c:137:6:ADC1_IRQHandler	4	static
../Core/Src/main.c:145:6:ajustarVelocidad	24	static
../Core/Src/main.c:174:5:main	8	static
../Core/Src/main.c:375:6:SystemClock_Config	96	static
../Core/Src/main.c:429:13:MX_ADC_Init	24	static
../Core/Src/main.c:484:13:MX_LCD_Init	8	static
../Core/Src/main.c:521:13:MX_TIM2_Init	32	static
../Core/Src/main.c:566:13:MX_TIM3_Init	32	static
../Core/Src/main.c:611:13:MX_TIM4_Init	32	static
../Core/Src/main.c:656:13:MX_TS_Init	4	static
../Core/Src/main.c:677:13:MX_GPIO_Init	40	static
../Core/Src/main.c:716:6:Error_Handler	4	static,ignoring_inline_asm
