../Core/Src/main.c:74:6:stopWheels	4	static
../Core/Src/main.c:78:6:moveForward	4	static
../Core/Src/main.c:84:6:turnRight	4	static
../Core/Src/main.c:91:6:turnLeft	4	static
../Core/Src/main.c:97:6:moveBackward	4	static
../Core/Src/main.c:102:6:EXTI1_IRQHandler	4	static
../Core/Src/main.c:110:6:EXTI2_IRQHandler	4	static
../Core/Src/main.c:118:6:TIM4_IRQHandler	4	static
../Core/Src/main.c:138:5:main	8	static
../Core/Src/main.c:270:6:SystemClock_Config	96	static
../Core/Src/main.c:324:13:MX_ADC_Init	24	static
../Core/Src/main.c:379:13:MX_LCD_Init	8	static
../Core/Src/main.c:416:13:MX_TIM4_Init	32	static
../Core/Src/main.c:461:13:MX_TS_Init	4	static
../Core/Src/main.c:482:13:MX_GPIO_Init	40	static
../Core/Src/main.c:537:6:Error_Handler	4	static,ignoring_inline_asm
