../Core/Src/main.c:72:6:stopWheels	4	static
../Core/Src/main.c:76:6:moveForward	4	static
../Core/Src/main.c:81:6:rightWheel	4	static
../Core/Src/main.c:88:6:leftWheel	4	static
../Core/Src/main.c:95:6:moveBackward	4	static
../Core/Src/main.c:107:5:main	8	static
../Core/Src/main.c:189:6:SystemClock_Config	96	static
../Core/Src/main.c:243:13:MX_ADC_Init	24	static
../Core/Src/main.c:298:13:MX_LCD_Init	8	static
../Core/Src/main.c:335:13:MX_TS_Init	4	static
../Core/Src/main.c:356:13:MX_USART1_UART_Init	8	static
../Core/Src/main.c:389:13:MX_GPIO_Init	40	static
../Core/Src/main.c:418:6:Error_Handler	4	static,ignoring_inline_asm
